­ƒöì STARTING STANDALONE SCRAPER TEST...
Testing with options: {
  propertyType: 'apartamentos',
  city: 'bogota',
  neighborhood: 'chapinero',
  priceMin: 200000000,
  priceMax: 400000000,
  rooms: 2,
  bathrooms: 2
}
­ƒÜÇ SCRAPING: apartamentos in bogota/chapinero
   Filters: price=200000000-400000000, rooms=2, baths=2
­ƒôä Page 1: https://www.fincaraiz.com.co/apartamentos/venta/bogota/chapinero?pagina=1&precio_desde=200000000&precio_hasta=400000000&habitaciones=2&banos=2
Error on page 1: page.goto: Timeout 30000ms exceeded.
Call log:
[2m  - navigating to "https://www.fincaraiz.com.co/apartamentos/venta/bogota/chapinero?pagina=1&precio_desde=200000000&precio_hasta=400000000&habitaciones=2&banos=2", waiting until "networkidle"[22m

    at FincaRaizScraper.scrape (C:\Users\mauro\Downloads\setup-crm-project-structure\Nueva carpeta\lead-scraper\lib\scraper\fincaraiz.ts:52:37)
    at async main (C:\Users\mauro\Downloads\setup-crm-project-structure\Nueva carpeta\lead-scraper\scripts\test-scraper.ts:23:23) {
  name: 'TimeoutError'
}
­ƒôä Page 2: https://www.fincaraiz.com.co/apartamentos/venta/bogota/chapinero?pagina=2&precio_desde=200000000&precio_hasta=400000000&habitaciones=2&banos=2
   Found 64 listing cards.
­ƒôä Page 3: https://www.fincaraiz.com.co/apartamentos/venta/bogota/chapinero?pagina=3&precio_desde=200000000&precio_hasta=400000000&habitaciones=2&banos=2
   Found 64 listing cards.
Ô£à SCRAPE COMPLETE. Found 42 unique leads.
---------------------------------------------------
­ƒÄë SCRAPING FINISHED. Found 42 leads.
---------------------------------------------------
First 3 results:

1. Apartamento En Venta En Chapinero Alto
   Price: $ 560.000.000  + $ 500.000 admin
   Location: Chapinero, bogota
   Details: 2 hab, 3 ba├▒os, 56 m┬▓
   URL: https://www.fincaraiz.com.co/apartamento-en-venta-en-chapinero-alto-bogota/193223118

2. Apartamento En Venta En Los Rosales
   Price: $ 705.000.000  + $ 850.000 admin
   Location: Chapinero, bogota
   Details: 2 hab, 2 ba├▒os, 90 m┬▓
   URL: https://www.fincaraiz.com.co/apartamento-en-venta-en-los-rosales-bogota/193200382

3. Apartamento En Venta En Chapinero Alto
   Price: $ 742.400.000  + $ 842.400 admin
   Location: Chapinero, bogota
   Details: 2 hab, 3 ba├▒os, 29 m┬▓
   URL: https://www.fincaraiz.com.co/apartamento-en-venta-en-chapinero-alto-bogota/193099727
